[[34m2025-08-25T09:07:05.166+0530[0m] {[34mscheduler_job_runner.py:[0m797} INFO[0m - Starting the scheduler[0m
[[34m2025-08-25T09:07:05.167+0530[0m] {[34mscheduler_job_runner.py:[0m804} INFO[0m - Processing each file at most -1 times[0m
[[34m2025-08-25T09:07:05.169+0530[0m] {[34mmanager.py:[0m166} INFO[0m - Launched DagFileProcessorManager with pid: 91575[0m
[[34m2025-08-25T09:07:05.172+0530[0m] {[34mscheduler_job_runner.py:[0m1605} INFO[0m - Adopting or resetting orphaned tasks for active dag runs[0m
[[34m2025-08-25T09:07:05.572+0530[0m] {[34msettings.py:[0m61} INFO[0m - Configured default timezone Timezone('UTC')[0m
[2025-08-25T09:07:05.578+0530] {manager.py:410} WARNING - Because we cannot use more than 1 thread (parsing_processes = 2) when using sqlite. So we set parallelism to 1.
[[34m2025-08-25T09:12:05.604+0530[0m] {[34mscheduler_job_runner.py:[0m1605} INFO[0m - Adopting or resetting orphaned tasks for active dag runs[0m
[[34m2025-08-25T09:17:05.703+0530[0m] {[34mscheduler_job_runner.py:[0m1605} INFO[0m - Adopting or resetting orphaned tasks for active dag runs[0m
[[34m2025-08-25T09:22:06.158+0530[0m] {[34mscheduler_job_runner.py:[0m1605} INFO[0m - Adopting or resetting orphaned tasks for active dag runs[0m
[[34m2025-08-25T09:27:06.699+0530[0m] {[34mscheduler_job_runner.py:[0m1605} INFO[0m - Adopting or resetting orphaned tasks for active dag runs[0m
[[34m2025-08-25T09:32:07.235+0530[0m] {[34mscheduler_job_runner.py:[0m1605} INFO[0m - Adopting or resetting orphaned tasks for active dag runs[0m
[[34m2025-08-25T09:37:07.893+0530[0m] {[34mscheduler_job_runner.py:[0m1605} INFO[0m - Adopting or resetting orphaned tasks for active dag runs[0m
[[34m2025-08-25T09:42:08.437+0530[0m] {[34mscheduler_job_runner.py:[0m1605} INFO[0m - Adopting or resetting orphaned tasks for active dag runs[0m
[[34m2025-08-25T09:47:08.979+0530[0m] {[34mscheduler_job_runner.py:[0m1605} INFO[0m - Adopting or resetting orphaned tasks for active dag runs[0m
[[34m2025-08-25T09:52:09.701+0530[0m] {[34mscheduler_job_runner.py:[0m1605} INFO[0m - Adopting or resetting orphaned tasks for active dag runs[0m
[[34m2025-08-25T09:57:09.727+0530[0m] {[34mscheduler_job_runner.py:[0m1605} INFO[0m - Adopting or resetting orphaned tasks for active dag runs[0m
[[34m2025-08-25T10:02:10.421+0530[0m] {[34mscheduler_job_runner.py:[0m1605} INFO[0m - Adopting or resetting orphaned tasks for active dag runs[0m
[[34m2025-08-25T10:07:10.955+0530[0m] {[34mscheduler_job_runner.py:[0m1605} INFO[0m - Adopting or resetting orphaned tasks for active dag runs[0m
[[34m2025-08-25T10:12:11.488+0530[0m] {[34mscheduler_job_runner.py:[0m1605} INFO[0m - Adopting or resetting orphaned tasks for active dag runs[0m
[[34m2025-08-25T10:17:12.032+0530[0m] {[34mscheduler_job_runner.py:[0m1605} INFO[0m - Adopting or resetting orphaned tasks for active dag runs[0m
[[34m2025-08-25T10:22:12.568+0530[0m] {[34mscheduler_job_runner.py:[0m1605} INFO[0m - Adopting or resetting orphaned tasks for active dag runs[0m
[[34m2025-08-25T10:27:13.051+0530[0m] {[34mscheduler_job_runner.py:[0m1605} INFO[0m - Adopting or resetting orphaned tasks for active dag runs[0m
[[34m2025-08-25T10:32:13.596+0530[0m] {[34mscheduler_job_runner.py:[0m1605} INFO[0m - Adopting or resetting orphaned tasks for active dag runs[0m
[[34m2025-08-25T10:38:05.588+0530[0m] {[34mscheduler_job_runner.py:[0m1605} INFO[0m - Adopting or resetting orphaned tasks for active dag runs[0m
[[34m2025-08-25T10:43:06.123+0530[0m] {[34mscheduler_job_runner.py:[0m1605} INFO[0m - Adopting or resetting orphaned tasks for active dag runs[0m
[[34m2025-08-25T10:48:06.664+0530[0m] {[34mscheduler_job_runner.py:[0m1605} INFO[0m - Adopting or resetting orphaned tasks for active dag runs[0m
[[34m2025-08-25T10:53:07.202+0530[0m] {[34mscheduler_job_runner.py:[0m1605} INFO[0m - Adopting or resetting orphaned tasks for active dag runs[0m
[[34m2025-08-25T10:58:07.650+0530[0m] {[34mscheduler_job_runner.py:[0m1605} INFO[0m - Adopting or resetting orphaned tasks for active dag runs[0m
[[34m2025-08-25T11:03:08.190+0530[0m] {[34mscheduler_job_runner.py:[0m1605} INFO[0m - Adopting or resetting orphaned tasks for active dag runs[0m
[[34m2025-08-25T11:08:08.504+0530[0m] {[34mscheduler_job_runner.py:[0m1605} INFO[0m - Adopting or resetting orphaned tasks for active dag runs[0m
[[34m2025-08-25T11:13:31.355+0530[0m] {[34mscheduler_job_runner.py:[0m1605} INFO[0m - Adopting or resetting orphaned tasks for active dag runs[0m
[[34m2025-08-25T11:18:31.498+0530[0m] {[34mscheduler_job_runner.py:[0m1605} INFO[0m - Adopting or resetting orphaned tasks for active dag runs[0m
[[34m2025-08-25T11:23:32.099+0530[0m] {[34mscheduler_job_runner.py:[0m1605} INFO[0m - Adopting or resetting orphaned tasks for active dag runs[0m
[[34m2025-08-25T12:24:46.470+0530[0m] {[34mscheduler_job_runner.py:[0m1605} INFO[0m - Adopting or resetting orphaned tasks for active dag runs[0m
[[34m2025-08-25T12:29:46.951+0530[0m] {[34mscheduler_job_runner.py:[0m1605} INFO[0m - Adopting or resetting orphaned tasks for active dag runs[0m
[[34m2025-08-25T12:34:47.270+0530[0m] {[34mscheduler_job_runner.py:[0m1605} INFO[0m - Adopting or resetting orphaned tasks for active dag runs[0m
[[34m2025-08-25T12:39:47.806+0530[0m] {[34mscheduler_job_runner.py:[0m1605} INFO[0m - Adopting or resetting orphaned tasks for active dag runs[0m
[[34m2025-08-25T12:44:48.477+0530[0m] {[34mscheduler_job_runner.py:[0m1605} INFO[0m - Adopting or resetting orphaned tasks for active dag runs[0m
[[34m2025-08-25T12:50:44.571+0530[0m] {[34mscheduler_job_runner.py:[0m1605} INFO[0m - Adopting or resetting orphaned tasks for active dag runs[0m
[[34m2025-08-25T14:05:27.970+0530[0m] {[34mscheduler_job_runner.py:[0m1605} INFO[0m - Adopting or resetting orphaned tasks for active dag runs[0m
[[34m2025-08-25T14:10:28.507+0530[0m] {[34mscheduler_job_runner.py:[0m1605} INFO[0m - Adopting or resetting orphaned tasks for active dag runs[0m
[[34m2025-08-25T14:15:29.034+0530[0m] {[34mscheduler_job_runner.py:[0m1605} INFO[0m - Adopting or resetting orphaned tasks for active dag runs[0m
[[34m2025-08-25T14:20:29.354+0530[0m] {[34mscheduler_job_runner.py:[0m1605} INFO[0m - Adopting or resetting orphaned tasks for active dag runs[0m
[[34m2025-08-25T14:25:30.156+0530[0m] {[34mscheduler_job_runner.py:[0m1605} INFO[0m - Adopting or resetting orphaned tasks for active dag runs[0m
[[34m2025-08-25T14:25:39.706+0530[0m] {[34mscheduler_job_runner.py:[0m247} INFO[0m - Exiting gracefully upon receiving signal 15[0m
[2025-08-25T14:25:39.754+0530] {process_utils.py:259} INFO - Waiting up to 5 seconds for processes to exit...
[[34m2025-08-25T14:25:39.828+0530[0m] {[34mprocess_utils.py:[0m131} INFO[0m - Sending Signals.SIGTERM to group 91575. PIDs of all processes in the group: [][0m
[[34m2025-08-25T14:25:39.829+0530[0m] {[34mprocess_utils.py:[0m86} INFO[0m - Sending the signal Signals.SIGTERM to group 91575[0m
[[34m2025-08-25T14:25:39.829+0530[0m] {[34mprocess_utils.py:[0m100} INFO[0m - Sending the signal Signals.SIGTERM to process 91575 as process group is missing.[0m
[[34m2025-08-25T14:25:39.833+0530[0m] {[34mprocess_utils.py:[0m131} INFO[0m - Sending Signals.SIGTERM to group 91575. PIDs of all processes in the group: [][0m
[[34m2025-08-25T14:25:39.833+0530[0m] {[34mprocess_utils.py:[0m86} INFO[0m - Sending the signal Signals.SIGTERM to group 91575[0m
[[34m2025-08-25T14:25:39.834+0530[0m] {[34mprocess_utils.py:[0m100} INFO[0m - Sending the signal Signals.SIGTERM to process 91575 as process group is missing.[0m
[[34m2025-08-25T14:25:39.834+0530[0m] {[34mscheduler_job_runner.py:[0m873} INFO[0m - Exited execute loop[0m
